<?xml version="1.0" encoding="UTF-8"?>
<testsuites name="Mocha Tests" time="0.0000" tests="3" failures="0">
  <testsuite name="Root Suite" timestamp="2021-06-30T13:59:58" tests="0" time="0.0000" failures="0">
  </testsuite>
  <testsuite name="test suite 1" timestamp="2021-06-30T13:59:58" tests="1" file="/c/Users/Oliver_Chan/project/Junit/Junit/test/test.js" time="0.0000" failures="0">
    <testcase name="test suite 1 test case 8" time="0.0000" classname="test case 1">
    </testcase>
  </testsuite>
  <testsuite name="test suite 2" timestamp="2021-06-30T13:59:58" tests="1" file="/c/Users/Oliver_Chan/project/Junit/Junit/test/test.js" time="0.0000" failures="0">
    <testcase name="test suite 2 test case 9" time="0.0000" classname="test case 2">
    </testcase>
  </testsuite>
  <testsuite name="test suite 3" timestamp="2021-06-30T13:59:58" tests="1" file="/c/Users/Oliver_Chan/project/Junit/Junit/test/test.js" time="0.0000" failures="0">
    <testcase name="test suite 3 test case 10" time="0.0000" classname="test case 7">
    </testcase>
  </testsuite>
</testsuites>
